// Jest Snapshot v1, https://goo.gl/fbAQLP

exports[`renders correctly 1`] = `
<div
  className="StyledBox-sc-13pk1d4-0 bllaQx"
>
  <span
    className="StyledText-sc-1sadyjn-0 dmvzzC"
  >
    Copyright Â©
    2020
     Alexandra Silcox
  </span>
</div>
`;
